{"ts":"2026-05-13T10:30:00.000Z","level":"info","msg":"server listening","port":8080}
{"ts":"2026-05-13T10:30:01.123Z","level":"info","msg":"request started","request_id":"r-1001","path":"/checkout","user_id":42}
{"ts":"2026-05-13T10:30:01.180Z","level":"info","msg":"db query","request_id":"r-1001","table":"orders","duration_ms":12}
{"ts":"2026-05-13T10:30:01.214Z","level":"info","msg":"request done","request_id":"r-1001","status":200,"duration_ms":91}
{"ts":"2026-05-13T10:30:02.044Z","level":"info","msg":"request started","request_id":"r-1002","path":"/cart","user_id":42}
{"ts":"2026-05-13T10:30:02.090Z","level":"warn","msg":"cache miss","request_id":"r-1002","key":"cart:42"}
{"ts":"2026-05-13T10:30:02.301Z","level":"info","msg":"request done","request_id":"r-1002","status":200,"duration_ms":257}
{"ts":"2026-05-13T10:30:03.770Z","level":"info","msg":"request started","request_id":"r-1003","path":"/checkout","user_id":7}
{"ts":"2026-05-13T10:30:03.815Z","level":"error","msg":"upstream timeout","request_id":"r-1003","upstream":"payments","timeout_ms":2000}
{"ts":"2026-05-13T10:30:03.816Z","level":"error","msg":"request failed","request_id":"r-1003","status":504,"duration_ms":2046}
{"ts":"2026-05-13T10:30:04.502Z","level":"info","msg":"request started","request_id":"r-1004","path":"/health","user_id":null}
{"ts":"2026-05-13T10:30:04.503Z","level":"info","msg":"request done","request_id":"r-1004","status":200,"duration_ms":1}
{"ts":"2026-05-13T10:30:05.118Z","level":"info","msg":"request started","request_id":"r-1005","path":"/checkout","user_id":42}
{"ts":"2026-05-13T10:30:05.220Z","level":"warn","msg":"slow query","request_id":"r-1005","table":"orders","duration_ms":380}
{"ts":"2026-05-13T10:30:05.612Z","level":"info","msg":"request done","request_id":"r-1005","status":200,"duration_ms":494}
{"ts":"2026-05-13T10:30:06.901Z","level":"info","msg":"request started","request_id":"r-1006","path":"/checkout","user_id":11}
{"ts":"2026-05-13T10:30:07.040Z","level":"error","msg":"upstream timeout","request_id":"r-1006","upstream":"payments","timeout_ms":2000}
{"ts":"2026-05-13T10:30:07.041Z","level":"error","msg":"request failed","request_id":"r-1006","status":504,"duration_ms":140}
{"ts":"2026-05-13T10:30:08.310Z","level":"info","msg":"request started","request_id":"r-1007","path":"/cart","user_id":99}
{"ts":"2026-05-13T10:30:08.480Z","level":"info","msg":"request done","request_id":"r-1007","status":200,"duration_ms":170}
